// Vitest Snapshot v1, https://vitest.dev/guide/snapshot.html

exports[`database-fs:Create > dbfsMakeDirectoryNode > throws an error if the parent node does not exist 1`] = `[Error: Parent node does not exist]`;
